> Task :app:preBuild UP-TO-DATE
> Task :app:preDebugBuild UP-TO-DATE
> Task :app:dataBindingMergeDependencyArtifactsDebug UP-TO-DATE
> Task :app:generateDebugResources UP-TO-DATE
> Task :app:mergeDebugResources UP-TO-DATE
> Task :app:packageDebugResources UP-TO-DATE
> Task :app:processDebugNavigationResources UP-TO-DATE
> Task :app:parseDebugLocalResources UP-TO-DATE
> Task :app:dataBindingGenBaseClassesDebug UP-TO-DATE
> Task :app:generateDebugRFile UP-TO-DATE
> Task :app:compileDebugKotlin NO-SOURCE
> Task :app:javaPreCompileDebug UP-TO-DATE
> Task :app:compileDebugJavaWithJavac UP-TO-DATE
> Task :app:checkDebugAarMetadata UP-TO-DATE
> Task :app:mapDebugSourceSetPaths UP-TO-DATE
> Task :app:compileDebugNavigationResources UP-TO-DATE
> Task :app:createDebugCompatibleScreenManifests UP-TO-DATE
> Task :app:extractDeepLinksDebug UP-TO-DATE
> Task :app:processDebugMainManifest UP-TO-DATE
> Task :app:processDebugManifest UP-TO-DATE
> Task :app:processDebugManifestForPackage UP-TO-DATE
> Task :app:processDebugResources UP-TO-DATE
> Task :app:bundleDebugClassesToCompileJar UP-TO-DATE
> Task :app:preDebugAndroidTestBuild SKIPPED
> Task :app:dataBindingMergeDependencyArtifactsDebugAndroidTest UP-TO-DATE
> Task :app:generateDebugAndroidTestResources UP-TO-DATE
> Task :app:mergeDebugAndroidTestResources UP-TO-DATE
> Task :app:dataBindingGenBaseClassesDebugAndroidTest UP-TO-DATE
> Task :app:packageDebugAndroidTestResources UP-TO-DATE
> Task :app:processDebugAndroidTestNavigationResources UP-TO-DATE
> Task :app:parseDebugAndroidTestLocalResources UP-TO-DATE
> Task :app:generateDebugAndroidTestRFile UP-TO-DATE
> Task :app:compileDebugAndroidTestKotlin NO-SOURCE
> Task :app:javaPreCompileDebugAndroidTest UP-TO-DATE
> Task :app:compileDebugAndroidTestJavaWithJavac UP-TO-DATE
> Task :app:generateDebugAssets UP-TO-DATE
> Task :app:mergeDebugAssets UP-TO-DATE
> Task :app:compressDebugAssets UP-TO-DATE
> Task :app:generateDebugGlobalSynthetics UP-TO-DATE
> Task :app:generateDebugJacocoPropertiesFile UP-TO-DATE
> Task :app:processDebugJavaRes UP-TO-DATE
> Task :app:mergeDebugJavaResource UP-TO-DATE
> Task :app:checkDebugDuplicateClasses UP-TO-DATE
> Task :app:desugarDebugFileDependencies UP-TO-DATE
> Task :app:mergeExtDexDebug UP-TO-DATE
> Task :app:mergeLibDexDebug UP-TO-DATE
> Task :app:jacocoDebug UP-TO-DATE
> Task :app:dexBuilderDebug UP-TO-DATE
> Task :app:mergeProjectDexDebug UP-TO-DATE
> Task :app:configureCMakeDebug[x86_64]
> Task :app:buildCMakeDebug[x86_64]
> Task :app:mergeDebugJniLibFolders UP-TO-DATE
> Task :app:mergeDebugNativeLibs UP-TO-DATE
> Task :app:stripDebugDebugSymbols UP-TO-DATE
> Task :app:validateSigningDebug UP-TO-DATE
> Task :app:writeDebugAppMetadata UP-TO-DATE
> Task :app:writeDebugSigningConfigVersions UP-TO-DATE
> Task :app:packageDebug UP-TO-DATE
> Task :app:createDebugApkListingFileRedirect UP-TO-DATE
> Task :app:generateDebugAndroidTestAssets UP-TO-DATE
> Task :app:mergeDebugAndroidTestAssets UP-TO-DATE
> Task :app:compressDebugAndroidTestAssets UP-TO-DATE
> Task :app:generateDebugAndroidTestGlobalSynthetics UP-TO-DATE
> Task :app:processDebugAndroidTestJavaRes NO-SOURCE
> Task :app:mergeDebugAndroidTestJavaResource UP-TO-DATE
> Task :app:checkDebugAndroidTestDuplicateClasses UP-TO-DATE
> Task :app:desugarDebugAndroidTestFileDependencies UP-TO-DATE
> Task :app:mergeExtDexDebugAndroidTest UP-TO-DATE
> Task :app:mergeLibDexDebugAndroidTest UP-TO-DATE
> Task :app:checkDebugAndroidTestAarMetadata UP-TO-DATE
> Task :app:mapDebugAndroidTestSourceSetPaths UP-TO-DATE
> Task :app:compileDebugAndroidTestNavigationResources UP-TO-DATE
> Task :app:mergeDebugAndroidTestManifest UP-TO-DATE
> Task :app:processDebugAndroidTestManifest UP-TO-DATE
> Task :app:processDebugAndroidTestResources UP-TO-DATE
> Task :app:dexBuilderDebugAndroidTest UP-TO-DATE
> Task :app:mergeProjectDexDebugAndroidTest UP-TO-DATE
> Task :app:mergeDebugAndroidTestJniLibFolders UP-TO-DATE
> Task :app:mergeDebugAndroidTestNativeLibs NO-SOURCE
> Task :app:stripDebugAndroidTestDebugSymbols NO-SOURCE
> Task :app:validateSigningDebugAndroidTest UP-TO-DATE
> Task :app:writeDebugAndroidTestSigningConfigVersions UP-TO-DATE
> Task :app:packageDebugAndroidTest UP-TO-DATE
> Task :app:createDebugAndroidTestApkListingFileRedirect UP-TO-DATE
Shell command failed (1): run-as com.example.carlauncher rm -f "/data/data/com.example.carlauncher/coverage.ec"
run-as: couldn't stat /data/user/0/com.example.carlauncher: No such file or directory
Shell command failed (1): rm -rf "/sdcard/Android/media/com.example.carlauncher/additional_test_output"
rm: /sdcard/Android/media/com.example.carlauncher/additional_test_output: No such file or directory
Starting 1 tests on Automotive_1408p_landscape(AVD) - 15
Automotive_1408p_landscape(AVD) - 15 Tests 0/1 completed. (0 skipped) (0 failed)
> Task :app:connectedDebugAndroidTest


com.example.carlauncher.someip.VehicleServiceLifecycleProbeTest > backgroundRebindAndRestartReleaseEachNativeClientOnce[Automotive_1408p_landscape(AVD) - 15] [31mFAILED [0m
	java.lang.RuntimeException: Could not launch intent Intent { flg=0x10000000 cmp=com.example.carlauncher/.MainActivity } within 45000 milliseconds. Perhaps the main thread has not gone idle within a reasonable amount of time? There could be an animation or something constantly repainting the screen. Or the activity is doing network calls on creation? See the threaddump logs. For your reference the last time the event queue was idle before your activity launch request was 1789021005455 and now the last time the queue went idle was: 1789021008493. If these numbers are the same your activity might be hogging the event queue.
	at androidx.test.runner.MonitoringInstrumentation.startActivitySync(MonitoringInstrumentation.java:537)
Shell command failed (1): run-as com.example.carlauncher cat "/data/data/com.example.carlauncher/coverage.ec" > "/data/local/tmp/5376b4c9-f48d-4335-bb36-d03266b8cf4a-coverage_data/coverage.ec"
run-as: couldn't stat /data/user/0/com.example.carlauncher: No such file or directory
Tests on Automotive_1408p_landscape(AVD) - 15 failed: There was 1 failure(s).
Finished 1 tests on Automotive_1408p_landscape(AVD) - 15
Execute com.example.carlauncher.someip.VehicleServiceLifecycleProbeTest.backgroundRebindAndRestartReleaseEachNativeClientOnce: FAILED
java.lang.RuntimeException: java.lang.RuntimeException: Could not launch intent Intent { flg=0x10000000 cmp=com.example.carlauncher/.MainActivity } within 45000 milliseconds. Perhaps the main thread has not gone idle within a reasonable amount of time? There could be an animation or something constantly repainting the screen. Or the activity is doing network calls on creation? See the threaddump logs. For your reference the last time the event queue was idle before your activity launch request was 1789021005455 and now the last time the queue went idle was: 1789021008493. If these numbers are the same your activity might be hogging the event queue.

at androidx.test.runner.MonitoringInstrumentation.startActivitySync(MonitoringInstrumentation.java:537)
at com.example.carlauncher.someip.VehicleServiceLifecycleProbeTest.backgroundRebindAndRestartReleaseEachNativeClientOnce(VehicleServiceLifecycleProbeTest.java:67)

java.lang.RuntimeException: Could not launch intent Intent { flg=0x10000000 cmp=com.example.carlauncher/.MainActivity } within 45000 milliseconds. Perhaps the main thread has not gone idle within a reasonable amount of time? There could be an animation or something constantly repainting the screen. Or the activity is doing network calls on creation? See the threaddump logs. For your reference the last time the event queue was idle before your activity launch request was 1789021005455 and now the last time the queue went idle was: 1789021008493. If these numbers are the same your activity might be hogging the event queue.
at androidx.test.runner.MonitoringInstrumentation.startActivitySync(MonitoringInstrumentation.java:537)
at com.example.carlauncher.someip.VehicleServiceLifecycleProbeTest.backgroundRebindAndRestartReleaseEachNativeClientOnce(VehicleServiceLifecycleProbeTest.java:67)
> Task :app:connectedDebugAndroidTest FAILED

FAILURE: Build failed with an exception.

* What went wrong:
Execution failed for task ':app:connectedDebugAndroidTest' (registered by plugin 'com.android.internal.application').
> There were failing tests. See the report at: file:///D:/Android/AndroidStudioProjects/CarLauncher/app/build/reports/androidTests/connected/debug/index.html

* Try:
> Run with --stacktrace option to get the stack trace.
> Run with --info or --debug option to get more log output.
> Run with --scan to get full insights from a Build Scan (powered by Develocity).
> Get more help at https://help.gradle.org.

BUILD FAILED in 55s
75 actionable tasks: 3 executed, 72 up-to-date
