--------- beginning of main
09-14 07:43:52.146  3665  3665 I VEHICLE_SERVICE: Service onCreate id=147685393
09-14 07:43:52.160  3665  3665 I VEHICLE_SERVICE: Service onBind id=147685393
09-14 07:43:52.273  3665  3712 I VSOMEIP_JNI: System.loadLibrary ok
09-14 07:43:52.295  3665  3712 I VSOMEIP_JNI: SD multicast lock acquired
09-14 07:43:52.302  3665  3712 I VSOMEIP_JNI: nativeStart: begin
09-14 07:43:52.302  3665  3712 I VSOMEIP_JNI: routing base path: /data/user/10/com.example.carlauncher/files/vsomeip
09-14 07:43:52.302  3665  3712 I VSOMEIP_JNI: create_application ok
09-14 07:43:52.302  3665  3712 I VSOMEIP_JNI: handlers registered; calling app_->init()
09-14 07:43:52.313  3665  3712 I VSOMEIP_JNI: app_->init() ok
09-14 07:43:52.313  3665  3712 I VSOMEIP_JNI: vsomeip io thread spawned
09-14 07:43:52.313  3665  3712 I VSOMEIP_JNI: nativeStart: ok (non-blocking; io loop on dedicated thread)
09-14 07:43:52.313  3665  3716 I VSOMEIP_JNI: vsomeip io thread enter (blocking start)
09-14 07:43:52.313  3665  3712 I VEHICLE_SERVICE: VsomeipClient.start=true unicast=10.203.0.2 (on executor thread)
09-14 07:43:52.314  3665  3717 I VSOMEIP_JNI: availability: ON_UNAVAILABLE
09-14 07:43:52.324  3665  3717 I VSOMEIP_JNI: registered; request_service 1111/2222
09-14 07:43:52.324  3665  3717 I VSOMEIP_JNI: native: registered
09-14 07:43:52.884  3665  3717 I VSOMEIP_JNI: availability: ON_AVAILABLE
09-14 07:43:52.945  3665  3665 D VEHICLE_SERVICE: VEHICLE_EVENT seq=1429 speed=58
09-14 07:43:52.999  3665  3665 I EVENT_UI_PROBE: UI seq=1429 speed=58 km/h
09-14 07:43:53.043  3665  3665 D VEHICLE_SERVICE: VEHICLE_EVENT seq=1430 speed=60
09-14 07:43:53.101  3665  3665 I EVENT_UI_PROBE: UI seq=1430 speed=60 km/h
09-14 07:43:53.177  3665  3665 D VEHICLE_SERVICE: VEHICLE_EVENT seq=1431 speed=62
09-14 07:43:53.203  3665  3665 I EVENT_UI_PROBE: UI seq=1431 speed=62 km/h
09-14 07:43:53.244  3665  3665 D VEHICLE_SERVICE: VEHICLE_EVENT seq=1432 speed=64
09-14 07:43:53.305  3665  3665 I EVENT_UI_PROBE: UI seq=1432 speed=64 km/h
09-14 07:43:53.344  3665  3665 D VEHICLE_SERVICE: VEHICLE_EVENT seq=1433 speed=66
09-14 07:43:53.407  3665  3665 I EVENT_UI_PROBE: UI seq=1433 speed=66 km/h
09-14 07:43:53.444  3665  3665 D VEHICLE_SERVICE: VEHICLE_EVENT seq=1434 speed=68
09-14 07:43:53.510  3665  3665 I EVENT_UI_PROBE: UI seq=1434 speed=68 km/h
09-14 07:43:53.545  3665  3665 D VEHICLE_SERVICE: VEHICLE_EVENT seq=1435 speed=70
09-14 07:43:53.611  3665  3665 I EVENT_UI_PROBE: UI seq=1435 speed=70 km/h
09-14 07:43:53.645  3665  3665 D VEHICLE_SERVICE: VEHICLE_EVENT seq=1436 speed=72
09-14 07:43:53.713  3665  3665 I EVENT_UI_PROBE: UI seq=1436 speed=72 km/h
09-14 07:43:53.745  3665  3665 D VEHICLE_SERVICE: VEHICLE_EVENT seq=1437 speed=74
09-14 07:43:53.814  3665  3665 I EVENT_UI_PROBE: UI seq=1437 speed=74 km/h
09-14 07:43:53.846  3665  3665 D VEHICLE_SERVICE: VEHICLE_EVENT seq=1438 speed=76
09-14 07:43:53.914  3665  3665 I EVENT_UI_PROBE: UI seq=1438 speed=76 km/h
09-14 07:43:53.946  3665  3665 D VEHICLE_SERVICE: VEHICLE_EVENT seq=1439 speed=78
09-14 07:43:54.016  3665  3665 I EVENT_UI_PROBE: UI seq=1439 speed=78 km/h
09-14 07:43:54.046  3665  3665 D VEHICLE_SERVICE: VEHICLE_EVENT seq=1440 speed=80
09-14 07:43:54.132  3665  3665 I VEHICLE_SERVICE: Service onUnbind id=147685393
09-14 07:43:54.132  3665  3665 I VEHICLE_SERVICE: Service onDestroy id=147685393
09-14 07:43:54.141  3665  3712 I VSOMEIP_JNI: stopping vsomeip app
09-14 07:43:54.148  3665  3716 I VSOMEIP_JNI: vsomeip io thread exited
09-14 07:43:54.148  3665  3712 I VSOMEIP_JNI: vsomeip app stopped
09-14 07:43:54.148  3665  3712 I VSOMEIP_JNI: native: stopped
09-14 07:43:54.158  3665  3712 I VSOMEIP_JNI: SD multicast lock released
09-14 07:43:54.159  3665  3712 I VEHICLE_SERVICE: SOMEIP_RELEASED id=147685393
