--------- beginning of main
09-14 08:35:45.338 I/VEHICLE_SERVICE( 3426): Service onCreate id=110012938
09-14 08:35:45.345 I/VEHICLE_SERVICE( 3426): Service onBind id=110012938
09-14 08:35:45.374 I/VSOMEIP_JNI( 3426): System.loadLibrary ok
09-14 08:35:45.382 I/VSOMEIP_JNI( 3426): SD multicast lock acquired
09-14 08:35:45.386 I/VSOMEIP_JNI( 3426): nativeStart: begin
09-14 08:35:45.386 I/VSOMEIP_JNI( 3426): routing base path: /data/user/10/com.example.carlauncher/files/vsomeip
09-14 08:35:45.387 I/VSOMEIP_JNI( 3426): create_application ok
09-14 08:35:45.388 I/VSOMEIP_JNI( 3426): handlers registered; calling app_->init()
09-14 08:35:45.402 I/VSOMEIP_JNI( 3426): app_->init() ok
09-14 08:35:45.402 I/VSOMEIP_JNI( 3426): vsomeip io thread spawned
09-14 08:35:45.403 I/VSOMEIP_JNI( 3426): nativeStart: ok (non-blocking; io loop on dedicated thread)
09-14 08:35:45.403 I/VSOMEIP_JNI( 3426): vsomeip io thread enter (blocking start)
09-14 08:35:45.403 I/VEHICLE_SERVICE( 3426): VsomeipClient.start=true unicast=10.203.0.2 (on executor thread)
09-14 08:35:45.403 I/VSOMEIP_JNI( 3426): availability: ON_UNAVAILABLE
09-14 08:35:45.413 I/VSOMEIP_JNI( 3426): registered; request_service 1111/2222
09-14 08:35:45.414 I/VSOMEIP_JNI( 3426): native: registered
09-14 08:35:45.894 I/VSOMEIP_JNI( 3426): availability: ON_AVAILABLE
09-14 08:35:45.970 D/VEHICLE_SERVICE( 3426): VEHICLE_EVENT seq=1170 speed=60
09-14 08:35:46.068 D/VEHICLE_SERVICE( 3426): VEHICLE_EVENT seq=1171 speed=58
09-14 08:35:46.167 D/VEHICLE_SERVICE( 3426): VEHICLE_EVENT seq=1172 speed=56
09-14 08:35:46.271 D/VEHICLE_SERVICE( 3426): VEHICLE_EVENT seq=1173 speed=54
09-14 08:35:46.370 D/VEHICLE_SERVICE( 3426): VEHICLE_EVENT seq=1174 speed=52
09-14 08:35:46.470 D/VEHICLE_SERVICE( 3426): VEHICLE_EVENT seq=1175 speed=50
09-14 08:35:46.569 D/VEHICLE_SERVICE( 3426): VEHICLE_EVENT seq=1176 speed=48
09-14 08:35:46.670 D/VEHICLE_SERVICE( 3426): VEHICLE_EVENT seq=1177 speed=46
09-14 08:35:46.777 D/VEHICLE_SERVICE( 3426): VEHICLE_EVENT seq=1178 speed=44
09-14 08:35:46.871 D/VEHICLE_SERVICE( 3426): VEHICLE_EVENT seq=1179 speed=42
09-14 08:35:46.994 D/VEHICLE_SERVICE( 3426): VEHICLE_EVENT seq=1180 speed=40
09-14 08:35:47.071 D/VEHICLE_SERVICE( 3426): VEHICLE_EVENT seq=1181 speed=38
09-14 08:35:47.172 D/VEHICLE_SERVICE( 3426): VEHICLE_EVENT seq=1182 speed=36
09-14 08:35:47.272 D/VEHICLE_SERVICE( 3426): VEHICLE_EVENT seq=1183 speed=34
09-14 08:35:47.372 D/VEHICLE_SERVICE( 3426): VEHICLE_EVENT seq=1184 speed=32
09-14 08:35:47.474 D/VEHICLE_SERVICE( 3426): VEHICLE_EVENT seq=1185 speed=30
09-14 08:35:47.573 D/VEHICLE_SERVICE( 3426): VEHICLE_EVENT seq=1186 speed=28
09-14 08:35:47.673 D/VEHICLE_SERVICE( 3426): VEHICLE_EVENT seq=1187 speed=26
09-14 08:35:47.774 D/VEHICLE_SERVICE( 3426): VEHICLE_EVENT seq=1188 speed=24
09-14 08:35:47.877 D/VEHICLE_SERVICE( 3426): VEHICLE_EVENT seq=1189 speed=22
09-14 08:35:47.975 D/VEHICLE_SERVICE( 3426): VEHICLE_EVENT seq=1190 speed=20
09-14 08:35:48.077 D/VEHICLE_SERVICE( 3426): VEHICLE_EVENT seq=1191 speed=18
09-14 08:35:48.176 D/VEHICLE_SERVICE( 3426): VEHICLE_EVENT seq=1192 speed=16
09-14 08:35:48.276 D/VEHICLE_SERVICE( 3426): VEHICLE_EVENT seq=1193 speed=14
09-14 08:35:48.376 D/VEHICLE_SERVICE( 3426): VEHICLE_EVENT seq=1194 speed=12
09-14 08:35:48.477 D/VEHICLE_SERVICE( 3426): VEHICLE_EVENT seq=1195 speed=10
09-14 08:35:48.576 D/VEHICLE_SERVICE( 3426): VEHICLE_EVENT seq=1196 speed=8
09-14 08:35:48.678 D/VEHICLE_SERVICE( 3426): VEHICLE_EVENT seq=1197 speed=6
09-14 08:35:48.778 D/VEHICLE_SERVICE( 3426): VEHICLE_EVENT seq=1198 speed=4
09-14 08:35:48.879 D/VEHICLE_SERVICE( 3426): VEHICLE_EVENT seq=1199 speed=2
09-14 08:35:49.002 D/VEHICLE_SERVICE( 3426): VEHICLE_EVENT seq=1200 speed=0
09-14 08:35:49.079 D/VEHICLE_SERVICE( 3426): VEHICLE_EVENT seq=1201 speed=2
09-14 08:35:49.180 D/VEHICLE_SERVICE( 3426): VEHICLE_EVENT seq=1202 speed=4
09-14 08:35:49.281 D/VEHICLE_SERVICE( 3426): VEHICLE_EVENT seq=1203 speed=6
09-14 08:35:49.381 D/VEHICLE_SERVICE( 3426): VEHICLE_EVENT seq=1204 speed=8
09-14 08:35:49.482 D/VEHICLE_SERVICE( 3426): VEHICLE_EVENT seq=1205 speed=10
09-14 08:35:49.582 D/VEHICLE_SERVICE( 3426): VEHICLE_EVENT seq=1206 speed=12
09-14 08:35:49.682 D/VEHICLE_SERVICE( 3426): VEHICLE_EVENT seq=1207 speed=14
09-14 08:35:49.786 D/VEHICLE_SERVICE( 3426): VEHICLE_EVENT seq=1208 speed=16
09-14 08:35:49.883 D/VEHICLE_SERVICE( 3426): VEHICLE_EVENT seq=1209 speed=18
09-14 08:35:49.984 D/VEHICLE_SERVICE( 3426): VEHICLE_EVENT seq=1210 speed=20
09-14 08:35:50.084 D/VEHICLE_SERVICE( 3426): VEHICLE_EVENT seq=1211 speed=22
09-14 08:35:50.187 D/VEHICLE_SERVICE( 3426): VEHICLE_EVENT seq=1212 speed=24
09-14 08:35:50.285 D/VEHICLE_SERVICE( 3426): VEHICLE_EVENT seq=1213 speed=26
09-14 08:35:50.385 D/VEHICLE_SERVICE( 3426): VEHICLE_EVENT seq=1214 speed=28
09-14 08:35:50.486 D/VEHICLE_SERVICE( 3426): VEHICLE_EVENT seq=1215 speed=30
09-14 08:35:50.589 D/VEHICLE_SERVICE( 3426): VEHICLE_EVENT seq=1216 speed=32
09-14 08:35:50.688 D/VEHICLE_SERVICE( 3426): VEHICLE_EVENT seq=1217 speed=34
09-14 08:35:50.788 D/VEHICLE_SERVICE( 3426): VEHICLE_EVENT seq=1218 speed=36
09-14 08:35:50.887 D/VEHICLE_SERVICE( 3426): VEHICLE_EVENT seq=1219 speed=38
09-14 08:35:50.988 D/VEHICLE_SERVICE( 3426): VEHICLE_EVENT seq=1220 speed=40
09-14 08:35:51.088 D/VEHICLE_SERVICE( 3426): VEHICLE_EVENT seq=1221 speed=42
09-14 08:35:51.189 D/VEHICLE_SERVICE( 3426): VEHICLE_EVENT seq=1222 speed=44
09-14 08:35:51.291 D/VEHICLE_SERVICE( 3426): VEHICLE_EVENT seq=1223 speed=46
09-14 08:35:51.394 D/VEHICLE_SERVICE( 3426): VEHICLE_EVENT seq=1224 speed=48
09-14 08:35:51.493 D/VEHICLE_SERVICE( 3426): VEHICLE_EVENT seq=1225 speed=50
09-14 08:35:51.593 D/VEHICLE_SERVICE( 3426): VEHICLE_EVENT seq=1226 speed=52
09-14 08:35:51.694 D/VEHICLE_SERVICE( 3426): VEHICLE_EVENT seq=1227 speed=54
09-14 08:35:51.795 D/VEHICLE_SERVICE( 3426): VEHICLE_EVENT seq=1228 speed=56
09-14 08:35:51.935 D/VEHICLE_SERVICE( 3426): VEHICLE_EVENT seq=1229 speed=58
09-14 08:35:52.016 D/VEHICLE_SERVICE( 3426): VEHICLE_EVENT seq=1230 speed=60
09-14 08:35:52.096 D/VEHICLE_SERVICE( 3426): VEHICLE_EVENT seq=1231 speed=62
09-14 08:35:52.198 D/VEHICLE_SERVICE( 3426): VEHICLE_EVENT seq=1232 speed=64
09-14 08:35:52.298 D/VEHICLE_SERVICE( 3426): VEHICLE_EVENT seq=1233 speed=66
09-14 08:35:52.398 D/VEHICLE_SERVICE( 3426): VEHICLE_EVENT seq=1234 speed=68
09-14 08:35:52.499 D/VEHICLE_SERVICE( 3426): VEHICLE_EVENT seq=1235 speed=70
09-14 08:35:52.599 D/VEHICLE_SERVICE( 3426): VEHICLE_EVENT seq=1236 speed=72
09-14 08:35:52.700 D/VEHICLE_SERVICE( 3426): VEHICLE_EVENT seq=1237 speed=74
09-14 08:35:52.800 D/VEHICLE_SERVICE( 3426): VEHICLE_EVENT seq=1238 speed=76
09-14 08:35:52.934 D/VEHICLE_SERVICE( 3426): VEHICLE_EVENT seq=1239 speed=78
09-14 08:35:53.000 D/VEHICLE_SERVICE( 3426): VEHICLE_EVENT seq=1240 speed=80
09-14 08:35:53.101 D/VEHICLE_SERVICE( 3426): VEHICLE_EVENT seq=1241 speed=82
09-14 08:35:53.203 D/VEHICLE_SERVICE( 3426): VEHICLE_EVENT seq=1242 speed=84
09-14 08:35:53.304 D/VEHICLE_SERVICE( 3426): VEHICLE_EVENT seq=1243 speed=86
09-14 08:35:53.405 D/VEHICLE_SERVICE( 3426): VEHICLE_EVENT seq=1244 speed=88
09-14 08:35:53.505 D/VEHICLE_SERVICE( 3426): VEHICLE_EVENT seq=1245 speed=90
09-14 08:35:53.605 D/VEHICLE_SERVICE( 3426): VEHICLE_EVENT seq=1246 speed=92
09-14 08:35:53.705 D/VEHICLE_SERVICE( 3426): VEHICLE_EVENT seq=1247 speed=94
09-14 08:35:53.805 D/VEHICLE_SERVICE( 3426): VEHICLE_EVENT seq=1248 speed=96
09-14 08:35:53.939 D/VEHICLE_SERVICE( 3426): VEHICLE_EVENT seq=1249 speed=98
09-14 08:35:54.006 D/VEHICLE_SERVICE( 3426): VEHICLE_EVENT seq=1250 speed=100
09-14 08:35:54.106 D/VEHICLE_SERVICE( 3426): VEHICLE_EVENT seq=1251 speed=98
09-14 08:35:54.207 D/VEHICLE_SERVICE( 3426): VEHICLE_EVENT seq=1252 speed=96
09-14 08:35:54.308 D/VEHICLE_SERVICE( 3426): VEHICLE_EVENT seq=1253 speed=94
09-14 08:35:54.407 D/VEHICLE_SERVICE( 3426): VEHICLE_EVENT seq=1254 speed=92
09-14 08:35:54.507 D/VEHICLE_SERVICE( 3426): VEHICLE_EVENT seq=1255 speed=90
09-14 08:35:54.607 D/VEHICLE_SERVICE( 3426): VEHICLE_EVENT seq=1256 speed=88
09-14 08:35:54.708 D/VEHICLE_SERVICE( 3426): VEHICLE_EVENT seq=1257 speed=86
09-14 08:35:54.807 D/VEHICLE_SERVICE( 3426): VEHICLE_EVENT seq=1258 speed=84
09-14 08:35:54.923 D/VEHICLE_SERVICE( 3426): VEHICLE_EVENT seq=1259 speed=82
09-14 08:35:55.008 D/VEHICLE_SERVICE( 3426): VEHICLE_EVENT seq=1260 speed=80
09-14 08:35:55.109 D/VEHICLE_SERVICE( 3426): VEHICLE_EVENT seq=1261 speed=78
09-14 08:35:55.208 D/VEHICLE_SERVICE( 3426): VEHICLE_EVENT seq=1262 speed=76
09-14 08:35:55.309 D/VEHICLE_SERVICE( 3426): VEHICLE_EVENT seq=1263 speed=74
09-14 08:35:55.410 D/VEHICLE_SERVICE( 3426): VEHICLE_EVENT seq=1264 speed=72
09-14 08:35:55.510 D/VEHICLE_SERVICE( 3426): VEHICLE_EVENT seq=1265 speed=70
09-14 08:35:55.610 D/VEHICLE_SERVICE( 3426): VEHICLE_EVENT seq=1266 speed=68
09-14 08:35:55.710 D/VEHICLE_SERVICE( 3426): VEHICLE_EVENT seq=1267 speed=66
09-14 08:35:55.811 D/VEHICLE_SERVICE( 3426): VEHICLE_EVENT seq=1268 speed=64
09-14 08:35:55.930 D/VEHICLE_SERVICE( 3426): VEHICLE_EVENT seq=1269 speed=62
09-14 08:35:56.012 D/VEHICLE_SERVICE( 3426): VEHICLE_EVENT seq=1270 speed=60
09-14 08:35:56.112 D/VEHICLE_SERVICE( 3426): VEHICLE_EVENT seq=1271 speed=58
09-14 08:35:56.212 D/VEHICLE_SERVICE( 3426): VEHICLE_EVENT seq=1272 speed=56
09-14 08:35:56.313 D/VEHICLE_SERVICE( 3426): VEHICLE_EVENT seq=1273 speed=54
09-14 08:35:56.413 D/VEHICLE_SERVICE( 3426): VEHICLE_EVENT seq=1274 speed=52
09-14 08:35:56.513 D/VEHICLE_SERVICE( 3426): VEHICLE_EVENT seq=1275 speed=50
09-14 08:35:56.614 D/VEHICLE_SERVICE( 3426): VEHICLE_EVENT seq=1276 speed=48
09-14 08:35:56.714 D/VEHICLE_SERVICE( 3426): VEHICLE_EVENT seq=1277 speed=46
09-14 08:35:56.814 D/VEHICLE_SERVICE( 3426): VEHICLE_EVENT seq=1278 speed=44
09-14 08:35:56.934 D/VEHICLE_SERVICE( 3426): VEHICLE_EVENT seq=1279 speed=42
09-14 08:35:57.015 D/VEHICLE_SERVICE( 3426): VEHICLE_EVENT seq=1280 speed=40
09-14 08:35:57.115 D/VEHICLE_SERVICE( 3426): VEHICLE_EVENT seq=1281 speed=38
09-14 08:35:57.215 D/VEHICLE_SERVICE( 3426): VEHICLE_EVENT seq=1282 speed=36
09-14 08:35:57.316 D/VEHICLE_SERVICE( 3426): VEHICLE_EVENT seq=1283 speed=34
09-14 08:35:57.416 D/VEHICLE_SERVICE( 3426): VEHICLE_EVENT seq=1284 speed=32
09-14 08:35:57.517 D/VEHICLE_SERVICE( 3426): VEHICLE_EVENT seq=1285 speed=30
09-14 08:35:57.617 D/VEHICLE_SERVICE( 3426): VEHICLE_EVENT seq=1286 speed=28
09-14 08:35:57.718 D/VEHICLE_SERVICE( 3426): VEHICLE_EVENT seq=1287 speed=26
09-14 08:35:57.818 D/VEHICLE_SERVICE( 3426): VEHICLE_EVENT seq=1288 speed=24
09-14 08:35:57.934 D/VEHICLE_SERVICE( 3426): VEHICLE_EVENT seq=1289 speed=22
09-14 08:35:58.019 D/VEHICLE_SERVICE( 3426): VEHICLE_EVENT seq=1290 speed=20
09-14 08:35:58.119 D/VEHICLE_SERVICE( 3426): VEHICLE_EVENT seq=1291 speed=18
09-14 08:35:58.220 D/VEHICLE_SERVICE( 3426): VEHICLE_EVENT seq=1292 speed=16
09-14 08:35:58.320 D/VEHICLE_SERVICE( 3426): VEHICLE_EVENT seq=1293 speed=14
09-14 08:35:58.420 D/VEHICLE_SERVICE( 3426): VEHICLE_EVENT seq=1294 speed=12
09-14 08:35:58.521 D/VEHICLE_SERVICE( 3426): VEHICLE_EVENT seq=1295 speed=10
09-14 08:35:58.621 D/VEHICLE_SERVICE( 3426): VEHICLE_EVENT seq=1296 speed=8
09-14 08:35:58.721 D/VEHICLE_SERVICE( 3426): VEHICLE_EVENT seq=1297 speed=6
09-14 08:35:58.821 D/VEHICLE_SERVICE( 3426): VEHICLE_EVENT seq=1298 speed=4
09-14 08:35:58.944 D/VEHICLE_SERVICE( 3426): VEHICLE_EVENT seq=1299 speed=2
09-14 08:35:59.022 D/VEHICLE_SERVICE( 3426): VEHICLE_EVENT seq=1300 speed=0
09-14 08:35:59.147 D/VEHICLE_SERVICE( 3426): VEHICLE_EVENT seq=1301 speed=2
09-14 08:35:59.224 D/VEHICLE_SERVICE( 3426): VEHICLE_EVENT seq=1302 speed=4
09-14 08:35:59.324 D/VEHICLE_SERVICE( 3426): VEHICLE_EVENT seq=1303 speed=6
09-14 08:35:59.424 D/VEHICLE_SERVICE( 3426): VEHICLE_EVENT seq=1304 speed=8
09-14 08:35:59.525 D/VEHICLE_SERVICE( 3426): VEHICLE_EVENT seq=1305 speed=10
09-14 08:35:59.627 D/VEHICLE_SERVICE( 3426): VEHICLE_EVENT seq=1306 speed=12
09-14 08:35:59.725 D/VEHICLE_SERVICE( 3426): VEHICLE_EVENT seq=1307 speed=14
09-14 08:35:59.826 D/VEHICLE_SERVICE( 3426): VEHICLE_EVENT seq=1308 speed=16
09-14 08:35:59.935 D/VEHICLE_SERVICE( 3426): VEHICLE_EVENT seq=1309 speed=18
09-14 08:36:00.026 D/VEHICLE_SERVICE( 3426): VEHICLE_EVENT seq=1310 speed=20
09-14 08:36:00.128 D/VEHICLE_SERVICE( 3426): VEHICLE_EVENT seq=1311 speed=22
09-14 08:36:00.227 D/VEHICLE_SERVICE( 3426): VEHICLE_EVENT seq=1312 speed=24
09-14 08:36:00.327 D/VEHICLE_SERVICE( 3426): VEHICLE_EVENT seq=1313 speed=26
09-14 08:36:00.427 D/VEHICLE_SERVICE( 3426): VEHICLE_EVENT seq=1314 speed=28
09-14 08:36:00.528 D/VEHICLE_SERVICE( 3426): VEHICLE_EVENT seq=1315 speed=30
09-14 08:36:00.627 D/VEHICLE_SERVICE( 3426): VEHICLE_EVENT seq=1316 speed=32
09-14 08:36:00.728 D/VEHICLE_SERVICE( 3426): VEHICLE_EVENT seq=1317 speed=34
09-14 08:36:00.829 D/VEHICLE_SERVICE( 3426): VEHICLE_EVENT seq=1318 speed=36
09-14 08:36:00.936 D/VEHICLE_SERVICE( 3426): VEHICLE_EVENT seq=1319 speed=38
09-14 08:36:01.029 D/VEHICLE_SERVICE( 3426): VEHICLE_EVENT seq=1320 speed=40
09-14 08:36:01.131 D/VEHICLE_SERVICE( 3426): VEHICLE_EVENT seq=1321 speed=42
09-14 08:36:01.231 D/VEHICLE_SERVICE( 3426): VEHICLE_EVENT seq=1322 speed=44
09-14 08:36:01.342 D/VEHICLE_SERVICE( 3426): VEHICLE_EVENT seq=1323 speed=46
09-14 08:36:01.438 D/VEHICLE_SERVICE( 3426): VEHICLE_EVENT seq=1324 speed=48
09-14 08:36:01.541 D/VEHICLE_SERVICE( 3426): VEHICLE_EVENT seq=1325 speed=50
09-14 08:36:01.641 D/VEHICLE_SERVICE( 3426): VEHICLE_EVENT seq=1326 speed=52
09-14 08:36:01.742 D/VEHICLE_SERVICE( 3426): VEHICLE_EVENT seq=1327 speed=54
09-14 08:36:01.842 D/VEHICLE_SERVICE( 3426): VEHICLE_EVENT seq=1328 speed=56
09-14 08:36:01.942 D/VEHICLE_SERVICE( 3426): VEHICLE_EVENT seq=1329 speed=58
09-14 08:36:02.042 D/VEHICLE_SERVICE( 3426): VEHICLE_EVENT seq=1330 speed=60
09-14 08:36:02.142 D/VEHICLE_SERVICE( 3426): VEHICLE_EVENT seq=1331 speed=62
09-14 08:36:02.244 D/VEHICLE_SERVICE( 3426): VEHICLE_EVENT seq=1332 speed=64
09-14 08:36:02.343 D/VEHICLE_SERVICE( 3426): VEHICLE_EVENT seq=1333 speed=66
09-14 08:36:02.443 D/VEHICLE_SERVICE( 3426): VEHICLE_EVENT seq=1334 speed=68
09-14 08:36:02.544 D/VEHICLE_SERVICE( 3426): VEHICLE_EVENT seq=1335 speed=70
09-14 08:36:02.643 D/VEHICLE_SERVICE( 3426): VEHICLE_EVENT seq=1336 speed=72
09-14 08:36:02.761 D/VEHICLE_SERVICE( 3426): VEHICLE_EVENT seq=1337 speed=74
09-14 08:36:02.844 D/VEHICLE_SERVICE( 3426): VEHICLE_EVENT seq=1338 speed=76
09-14 08:36:02.944 D/VEHICLE_SERVICE( 3426): VEHICLE_EVENT seq=1339 speed=78
09-14 08:36:03.045 D/VEHICLE_SERVICE( 3426): VEHICLE_EVENT seq=1340 speed=80
09-14 08:36:03.146 D/VEHICLE_SERVICE( 3426): VEHICLE_EVENT seq=1341 speed=82
09-14 08:36:03.286 D/VEHICLE_SERVICE( 3426): VEHICLE_EVENT seq=1342 speed=84
09-14 08:36:03.346 D/VEHICLE_SERVICE( 3426): VEHICLE_EVENT seq=1343 speed=86
09-14 08:36:03.446 D/VEHICLE_SERVICE( 3426): VEHICLE_EVENT seq=1344 speed=88
09-14 08:36:03.546 D/VEHICLE_SERVICE( 3426): VEHICLE_EVENT seq=1345 speed=90
09-14 08:36:03.648 D/VEHICLE_SERVICE( 3426): VEHICLE_EVENT seq=1346 speed=92
09-14 08:36:03.747 D/VEHICLE_SERVICE( 3426): VEHICLE_EVENT seq=1347 speed=94
09-14 08:36:03.848 D/VEHICLE_SERVICE( 3426): VEHICLE_EVENT seq=1348 speed=96
09-14 08:36:03.948 D/VEHICLE_SERVICE( 3426): VEHICLE_EVENT seq=1349 speed=98
09-14 08:36:04.048 D/VEHICLE_SERVICE( 3426): VEHICLE_EVENT seq=1350 speed=100
09-14 08:36:04.149 D/VEHICLE_SERVICE( 3426): VEHICLE_EVENT seq=1351 speed=98
09-14 08:36:04.250 D/VEHICLE_SERVICE( 3426): VEHICLE_EVENT seq=1352 speed=96
09-14 08:36:04.388 D/VEHICLE_SERVICE( 3426): VEHICLE_EVENT seq=1353 speed=94
09-14 08:36:04.449 D/VEHICLE_SERVICE( 3426): VEHICLE_EVENT seq=1354 speed=92
09-14 08:36:04.549 D/VEHICLE_SERVICE( 3426): VEHICLE_EVENT seq=1355 speed=90
09-14 08:36:04.651 D/VEHICLE_SERVICE( 3426): VEHICLE_EVENT seq=1356 speed=88
09-14 08:36:04.752 D/VEHICLE_SERVICE( 3426): VEHICLE_EVENT seq=1357 speed=86
09-14 08:36:04.852 D/VEHICLE_SERVICE( 3426): VEHICLE_EVENT seq=1358 speed=84
09-14 08:36:04.953 D/VEHICLE_SERVICE( 3426): VEHICLE_EVENT seq=1359 speed=82
09-14 08:36:05.053 D/VEHICLE_SERVICE( 3426): VEHICLE_EVENT seq=1360 speed=80
09-14 08:36:05.154 D/VEHICLE_SERVICE( 3426): VEHICLE_EVENT seq=1361 speed=78
09-14 08:36:05.256 D/VEHICLE_SERVICE( 3426): VEHICLE_EVENT seq=1362 speed=76
09-14 08:36:05.385 D/VEHICLE_SERVICE( 3426): VEHICLE_EVENT seq=1363 speed=74
09-14 08:36:05.485 D/VEHICLE_SERVICE( 3426): VEHICLE_EVENT seq=1364 speed=72
09-14 08:36:05.554 D/VEHICLE_SERVICE( 3426): VEHICLE_EVENT seq=1365 speed=70
09-14 08:36:05.655 D/VEHICLE_SERVICE( 3426): VEHICLE_EVENT seq=1366 speed=68
09-14 08:36:05.755 D/VEHICLE_SERVICE( 3426): VEHICLE_EVENT seq=1367 speed=66
09-14 08:36:05.855 D/VEHICLE_SERVICE( 3426): VEHICLE_EVENT seq=1368 speed=64
09-14 08:36:05.956 D/VEHICLE_SERVICE( 3426): VEHICLE_EVENT seq=1369 speed=62
09-14 08:36:06.056 D/VEHICLE_SERVICE( 3426): VEHICLE_EVENT seq=1370 speed=60
09-14 08:36:06.156 D/VEHICLE_SERVICE( 3426): VEHICLE_EVENT seq=1371 speed=58
09-14 08:36:06.257 D/VEHICLE_SERVICE( 3426): VEHICLE_EVENT seq=1372 speed=56
09-14 08:36:06.357 D/VEHICLE_SERVICE( 3426): VEHICLE_EVENT seq=1373 speed=54
09-14 08:36:06.457 D/VEHICLE_SERVICE( 3426): VEHICLE_EVENT seq=1374 speed=52
09-14 08:36:06.584 D/VEHICLE_SERVICE( 3426): VEHICLE_EVENT seq=1375 speed=50
09-14 08:36:06.658 D/VEHICLE_SERVICE( 3426): VEHICLE_EVENT seq=1376 speed=48
09-14 08:36:06.758 D/VEHICLE_SERVICE( 3426): VEHICLE_EVENT seq=1377 speed=46
09-14 08:36:06.860 D/VEHICLE_SERVICE( 3426): VEHICLE_EVENT seq=1378 speed=44
09-14 08:36:06.959 D/VEHICLE_SERVICE( 3426): VEHICLE_EVENT seq=1379 speed=42
09-14 08:36:07.060 D/VEHICLE_SERVICE( 3426): VEHICLE_EVENT seq=1380 speed=40
09-14 08:36:07.160 D/VEHICLE_SERVICE( 3426): VEHICLE_EVENT seq=1381 speed=38
09-14 08:36:07.261 D/VEHICLE_SERVICE( 3426): VEHICLE_EVENT seq=1382 speed=36
09-14 08:36:07.363 D/VEHICLE_SERVICE( 3426): VEHICLE_EVENT seq=1383 speed=34
09-14 08:36:07.463 D/VEHICLE_SERVICE( 3426): VEHICLE_EVENT seq=1384 speed=32
09-14 08:36:07.563 D/VEHICLE_SERVICE( 3426): VEHICLE_EVENT seq=1385 speed=30
09-14 08:36:07.684 D/VEHICLE_SERVICE( 3426): VEHICLE_EVENT seq=1386 speed=28
09-14 08:36:07.763 D/VEHICLE_SERVICE( 3426): VEHICLE_EVENT seq=1387 speed=26
09-14 08:36:07.863 D/VEHICLE_SERVICE( 3426): VEHICLE_EVENT seq=1388 speed=24
09-14 08:36:07.964 D/VEHICLE_SERVICE( 3426): VEHICLE_EVENT seq=1389 speed=22
09-14 08:36:08.064 D/VEHICLE_SERVICE( 3426): VEHICLE_EVENT seq=1390 speed=20
09-14 08:36:08.167 D/VEHICLE_SERVICE( 3426): VEHICLE_EVENT seq=1391 speed=18
09-14 08:36:08.267 D/VEHICLE_SERVICE( 3426): VEHICLE_EVENT seq=1392 speed=16
09-14 08:36:08.369 D/VEHICLE_SERVICE( 3426): VEHICLE_EVENT seq=1393 speed=14
09-14 08:36:08.468 D/VEHICLE_SERVICE( 3426): VEHICLE_EVENT seq=1394 speed=12
09-14 08:36:08.568 D/VEHICLE_SERVICE( 3426): VEHICLE_EVENT seq=1395 speed=10
09-14 08:36:08.669 D/VEHICLE_SERVICE( 3426): VEHICLE_EVENT seq=1396 speed=8
09-14 08:36:08.785 D/VEHICLE_SERVICE( 3426): VEHICLE_EVENT seq=1397 speed=6
09-14 08:36:08.878 D/VEHICLE_SERVICE( 3426): VEHICLE_EVENT seq=1398 speed=4
09-14 08:36:08.972 D/VEHICLE_SERVICE( 3426): VEHICLE_EVENT seq=1399 speed=2
09-14 08:36:09.075 D/VEHICLE_SERVICE( 3426): VEHICLE_EVENT seq=1400 speed=0
09-14 08:36:09.175 D/VEHICLE_SERVICE( 3426): VEHICLE_EVENT seq=1401 speed=2
09-14 08:36:09.275 D/VEHICLE_SERVICE( 3426): VEHICLE_EVENT seq=1402 speed=4
09-14 08:36:09.377 D/VEHICLE_SERVICE( 3426): VEHICLE_EVENT seq=1403 speed=6
09-14 08:36:09.476 D/VEHICLE_SERVICE( 3426): VEHICLE_EVENT seq=1404 speed=8
09-14 08:36:09.577 D/VEHICLE_SERVICE( 3426): VEHICLE_EVENT seq=1405 speed=10
09-14 08:36:09.677 D/VEHICLE_SERVICE( 3426): VEHICLE_EVENT seq=1406 speed=12
09-14 08:36:09.777 D/VEHICLE_SERVICE( 3426): VEHICLE_EVENT seq=1407 speed=14
09-14 08:36:09.885 D/VEHICLE_SERVICE( 3426): VEHICLE_EVENT seq=1408 speed=16
09-14 08:36:09.978 D/VEHICLE_SERVICE( 3426): VEHICLE_EVENT seq=1409 speed=18
09-14 08:36:10.078 D/VEHICLE_SERVICE( 3426): VEHICLE_EVENT seq=1410 speed=20
09-14 08:36:10.179 D/VEHICLE_SERVICE( 3426): VEHICLE_EVENT seq=1411 speed=22
09-14 08:36:10.278 D/VEHICLE_SERVICE( 3426): VEHICLE_EVENT seq=1412 speed=24
09-14 08:36:10.379 D/VEHICLE_SERVICE( 3426): VEHICLE_EVENT seq=1413 speed=26
09-14 08:36:10.479 D/VEHICLE_SERVICE( 3426): VEHICLE_EVENT seq=1414 speed=28
09-14 08:36:10.582 D/VEHICLE_SERVICE( 3426): VEHICLE_EVENT seq=1415 speed=30
09-14 08:36:10.681 D/VEHICLE_SERVICE( 3426): VEHICLE_EVENT seq=1416 speed=32
09-14 08:36:10.782 D/VEHICLE_SERVICE( 3426): VEHICLE_EVENT seq=1417 speed=34
09-14 08:36:10.883 D/VEHICLE_SERVICE( 3426): VEHICLE_EVENT seq=1418 speed=36
09-14 08:36:11.006 D/VEHICLE_SERVICE( 3426): VEHICLE_EVENT seq=1419 speed=38
09-14 08:36:11.083 D/VEHICLE_SERVICE( 3426): VEHICLE_EVENT seq=1420 speed=40
09-14 08:36:11.209 D/VEHICLE_SERVICE( 3426): VEHICLE_EVENT seq=1421 speed=42
09-14 08:36:11.288 D/VEHICLE_SERVICE( 3426): VEHICLE_EVENT seq=1422 speed=44
09-14 08:36:11.386 D/VEHICLE_SERVICE( 3426): VEHICLE_EVENT seq=1423 speed=46
09-14 08:36:11.486 D/VEHICLE_SERVICE( 3426): VEHICLE_EVENT seq=1424 speed=48
09-14 08:36:11.587 D/VEHICLE_SERVICE( 3426): VEHICLE_EVENT seq=1425 speed=50
09-14 08:36:11.687 D/VEHICLE_SERVICE( 3426): VEHICLE_EVENT seq=1426 speed=52
09-14 08:36:11.789 D/VEHICLE_SERVICE( 3426): VEHICLE_EVENT seq=1427 speed=54
09-14 08:36:11.888 D/VEHICLE_SERVICE( 3426): VEHICLE_EVENT seq=1428 speed=56
09-14 08:36:11.988 D/VEHICLE_SERVICE( 3426): VEHICLE_EVENT seq=1429 speed=58
09-14 08:36:12.088 D/VEHICLE_SERVICE( 3426): VEHICLE_EVENT seq=1430 speed=60
09-14 08:36:12.189 D/VEHICLE_SERVICE( 3426): VEHICLE_EVENT seq=1431 speed=62
09-14 08:36:12.290 D/VEHICLE_SERVICE( 3426): VEHICLE_EVENT seq=1432 speed=64
09-14 08:36:12.390 D/VEHICLE_SERVICE( 3426): VEHICLE_EVENT seq=1433 speed=66
09-14 08:36:12.491 D/VEHICLE_SERVICE( 3426): VEHICLE_EVENT seq=1434 speed=68
09-14 08:36:12.590 D/VEHICLE_SERVICE( 3426): VEHICLE_EVENT seq=1435 speed=70
09-14 08:36:12.691 D/VEHICLE_SERVICE( 3426): VEHICLE_EVENT seq=1436 speed=72
09-14 08:36:12.795 D/VEHICLE_SERVICE( 3426): VEHICLE_EVENT seq=1437 speed=74
09-14 08:36:12.893 D/VEHICLE_SERVICE( 3426): VEHICLE_EVENT seq=1438 speed=76
09-14 08:36:12.994 D/VEHICLE_SERVICE( 3426): VEHICLE_EVENT seq=1439 speed=78
09-14 08:36:13.094 D/VEHICLE_SERVICE( 3426): VEHICLE_EVENT seq=1440 speed=80
09-14 08:36:13.194 D/VEHICLE_SERVICE( 3426): VEHICLE_EVENT seq=1441 speed=82
09-14 08:36:13.295 D/VEHICLE_SERVICE( 3426): VEHICLE_EVENT seq=1442 speed=84
09-14 08:36:13.395 D/VEHICLE_SERVICE( 3426): VEHICLE_EVENT seq=1443 speed=86
09-14 08:36:13.495 D/VEHICLE_SERVICE( 3426): VEHICLE_EVENT seq=1444 speed=88
09-14 08:36:13.600 D/VEHICLE_SERVICE( 3426): VEHICLE_EVENT seq=1445 speed=90
09-14 08:36:13.698 D/VEHICLE_SERVICE( 3426): VEHICLE_EVENT seq=1446 speed=92
09-14 08:36:13.797 D/VEHICLE_SERVICE( 3426): VEHICLE_EVENT seq=1447 speed=94
09-14 08:36:13.897 D/VEHICLE_SERVICE( 3426): VEHICLE_EVENT seq=1448 speed=96
09-14 08:36:13.997 D/VEHICLE_SERVICE( 3426): VEHICLE_EVENT seq=1449 speed=98
09-14 08:36:14.097 D/VEHICLE_SERVICE( 3426): VEHICLE_EVENT seq=1450 speed=100
09-14 08:36:14.197 D/VEHICLE_SERVICE( 3426): VEHICLE_EVENT seq=1451 speed=98
09-14 08:36:14.301 D/VEHICLE_SERVICE( 3426): VEHICLE_EVENT seq=1452 speed=96
09-14 08:36:14.398 D/VEHICLE_SERVICE( 3426): VEHICLE_EVENT seq=1453 speed=94
09-14 08:36:14.499 D/VEHICLE_SERVICE( 3426): VEHICLE_EVENT seq=1454 speed=92
09-14 08:36:14.599 D/VEHICLE_SERVICE( 3426): VEHICLE_EVENT seq=1455 speed=90
09-14 08:36:14.699 D/VEHICLE_SERVICE( 3426): VEHICLE_EVENT seq=1456 speed=88
09-14 08:36:14.800 D/VEHICLE_SERVICE( 3426): VEHICLE_EVENT seq=1457 speed=86
09-14 08:36:14.938 D/VEHICLE_SERVICE( 3426): VEHICLE_EVENT seq=1458 speed=84
09-14 08:36:15.000 D/VEHICLE_SERVICE( 3426): VEHICLE_EVENT seq=1459 speed=82
09-14 08:36:15.140 D/VEHICLE_SERVICE( 3426): VEHICLE_EVENT seq=1460 speed=80
09-14 08:36:15.242 D/VEHICLE_SERVICE( 3426): VEHICLE_EVENT seq=1461 speed=78
09-14 08:36:15.301 D/VEHICLE_SERVICE( 3426): VEHICLE_EVENT seq=1462 speed=76
09-14 08:36:15.401 D/VEHICLE_SERVICE( 3426): VEHICLE_EVENT seq=1463 speed=74
09-14 08:36:15.501 D/VEHICLE_SERVICE( 3426): VEHICLE_EVENT seq=1464 speed=72
09-14 08:36:15.601 D/VEHICLE_SERVICE( 3426): VEHICLE_EVENT seq=1465 speed=70
09-14 08:36:15.704 D/VEHICLE_SERVICE( 3426): VEHICLE_EVENT seq=1466 speed=68
09-14 08:36:15.803 D/VEHICLE_SERVICE( 3426): VEHICLE_EVENT seq=1467 speed=66
09-14 08:36:15.938 D/VEHICLE_SERVICE( 3426): VEHICLE_EVENT seq=1468 speed=64
09-14 08:36:16.003 D/VEHICLE_SERVICE( 3426): VEHICLE_EVENT seq=1469 speed=62
09-14 08:36:16.104 D/VEHICLE_SERVICE( 3426): VEHICLE_EVENT seq=1470 speed=60
09-14 08:36:16.206 D/VEHICLE_SERVICE( 3426): VEHICLE_EVENT seq=1471 speed=58
09-14 08:36:16.306 D/VEHICLE_SERVICE( 3426): VEHICLE_EVENT seq=1472 speed=56
09-14 08:36:16.405 D/VEHICLE_SERVICE( 3426): VEHICLE_EVENT seq=1473 speed=54
09-14 08:36:16.505 D/VEHICLE_SERVICE( 3426): VEHICLE_EVENT seq=1474 speed=52
09-14 08:36:16.607 D/VEHICLE_SERVICE( 3426): VEHICLE_EVENT seq=1475 speed=50
09-14 08:36:16.707 D/VEHICLE_SERVICE( 3426): VEHICLE_EVENT seq=1476 speed=48
09-14 08:36:16.810 D/VEHICLE_SERVICE( 3426): VEHICLE_EVENT seq=1477 speed=46
09-14 08:36:16.940 D/VEHICLE_SERVICE( 3426): VEHICLE_EVENT seq=1478 speed=44
09-14 08:36:17.011 D/VEHICLE_SERVICE( 3426): VEHICLE_EVENT seq=1479 speed=42
09-14 08:36:17.111 D/VEHICLE_SERVICE( 3426): VEHICLE_EVENT seq=1480 speed=40
09-14 08:36:17.225 D/VEHICLE_SERVICE( 3426): VEHICLE_EVENT seq=1481 speed=38
09-14 08:36:17.312 D/VEHICLE_SERVICE( 3426): VEHICLE_EVENT seq=1482 speed=36
09-14 08:36:17.412 D/VEHICLE_SERVICE( 3426): VEHICLE_EVENT seq=1483 speed=34
09-14 08:36:17.512 D/VEHICLE_SERVICE( 3426): VEHICLE_EVENT seq=1484 speed=32
09-14 08:36:17.612 D/VEHICLE_SERVICE( 3426): VEHICLE_EVENT seq=1485 speed=30
09-14 08:36:17.712 D/VEHICLE_SERVICE( 3426): VEHICLE_EVENT seq=1486 speed=28
09-14 08:36:17.813 D/VEHICLE_SERVICE( 3426): VEHICLE_EVENT seq=1487 speed=26
09-14 08:36:17.947 D/VEHICLE_SERVICE( 3426): VEHICLE_EVENT seq=1488 speed=24
09-14 08:36:18.013 D/VEHICLE_SERVICE( 3426): VEHICLE_EVENT seq=1489 speed=22
09-14 08:36:18.113 D/VEHICLE_SERVICE( 3426): VEHICLE_EVENT seq=1490 speed=20
09-14 08:36:18.214 D/VEHICLE_SERVICE( 3426): VEHICLE_EVENT seq=1491 speed=18
09-14 08:36:18.314 D/VEHICLE_SERVICE( 3426): VEHICLE_EVENT seq=1492 speed=16
09-14 08:36:18.414 D/VEHICLE_SERVICE( 3426): VEHICLE_EVENT seq=1493 speed=14
09-14 08:36:18.516 D/VEHICLE_SERVICE( 3426): VEHICLE_EVENT seq=1494 speed=12
09-14 08:36:18.615 D/VEHICLE_SERVICE( 3426): VEHICLE_EVENT seq=1495 speed=10
09-14 08:36:18.716 D/VEHICLE_SERVICE( 3426): VEHICLE_EVENT seq=1496 speed=8
09-14 08:36:18.820 D/VEHICLE_SERVICE( 3426): VEHICLE_EVENT seq=1497 speed=6
09-14 08:36:18.940 D/VEHICLE_SERVICE( 3426): VEHICLE_EVENT seq=1498 speed=4
09-14 08:36:19.017 D/VEHICLE_SERVICE( 3426): VEHICLE_EVENT seq=1499 speed=2
09-14 08:36:19.118 D/VEHICLE_SERVICE( 3426): VEHICLE_EVENT seq=1500 speed=0
09-14 08:36:19.219 D/VEHICLE_SERVICE( 3426): VEHICLE_EVENT seq=1501 speed=2
09-14 08:36:19.319 D/VEHICLE_SERVICE( 3426): VEHICLE_EVENT seq=1502 speed=4
09-14 08:36:19.419 D/VEHICLE_SERVICE( 3426): VEHICLE_EVENT seq=1503 speed=6
09-14 08:36:19.529 D/VEHICLE_SERVICE( 3426): VEHICLE_EVENT seq=1504 speed=8
09-14 08:36:19.620 D/VEHICLE_SERVICE( 3426): VEHICLE_EVENT seq=1505 speed=10
09-14 08:36:19.720 D/VEHICLE_SERVICE( 3426): VEHICLE_EVENT seq=1506 speed=12
09-14 08:36:19.821 D/VEHICLE_SERVICE( 3426): VEHICLE_EVENT seq=1507 speed=14
09-14 08:36:19.939 D/VEHICLE_SERVICE( 3426): VEHICLE_EVENT seq=1508 speed=16
09-14 08:36:20.021 D/VEHICLE_SERVICE( 3426): VEHICLE_EVENT seq=1509 speed=18
09-14 08:36:20.125 D/VEHICLE_SERVICE( 3426): VEHICLE_EVENT seq=1510 speed=20
09-14 08:36:20.225 D/VEHICLE_SERVICE( 3426): VEHICLE_EVENT seq=1511 speed=22
09-14 08:36:20.325 D/VEHICLE_SERVICE( 3426): VEHICLE_EVENT seq=1512 speed=24
09-14 08:36:20.426 D/VEHICLE_SERVICE( 3426): VEHICLE_EVENT seq=1513 speed=26
09-14 08:36:20.526 D/VEHICLE_SERVICE( 3426): VEHICLE_EVENT seq=1514 speed=28
09-14 08:36:20.627 D/VEHICLE_SERVICE( 3426): VEHICLE_EVENT seq=1515 speed=30
09-14 08:36:20.729 D/VEHICLE_SERVICE( 3426): VEHICLE_EVENT seq=1516 speed=32
09-14 08:36:20.830 D/VEHICLE_SERVICE( 3426): VEHICLE_EVENT seq=1517 speed=34
09-14 08:36:20.967 D/VEHICLE_SERVICE( 3426): VEHICLE_EVENT seq=1518 speed=36
09-14 08:36:21.029 D/VEHICLE_SERVICE( 3426): VEHICLE_EVENT seq=1519 speed=38
09-14 08:36:21.131 D/VEHICLE_SERVICE( 3426): VEHICLE_EVENT seq=1520 speed=40
09-14 08:36:21.231 D/VEHICLE_SERVICE( 3426): VEHICLE_EVENT seq=1521 speed=42
09-14 08:36:21.331 D/VEHICLE_SERVICE( 3426): VEHICLE_EVENT seq=1522 speed=44
09-14 08:36:21.431 D/VEHICLE_SERVICE( 3426): VEHICLE_EVENT seq=1523 speed=46
09-14 08:36:21.532 D/VEHICLE_SERVICE( 3426): VEHICLE_EVENT seq=1524 speed=48
09-14 08:36:21.632 D/VEHICLE_SERVICE( 3426): VEHICLE_EVENT seq=1525 speed=50
09-14 08:36:21.733 D/VEHICLE_SERVICE( 3426): VEHICLE_EVENT seq=1526 speed=52
09-14 08:36:21.833 D/VEHICLE_SERVICE( 3426): VEHICLE_EVENT seq=1527 speed=54
09-14 08:36:21.939 D/VEHICLE_SERVICE( 3426): VEHICLE_EVENT seq=1528 speed=56
09-14 08:36:22.034 D/VEHICLE_SERVICE( 3426): VEHICLE_EVENT seq=1529 speed=58
09-14 08:36:22.134 D/VEHICLE_SERVICE( 3426): VEHICLE_EVENT seq=1530 speed=60
09-14 08:36:22.235 D/VEHICLE_SERVICE( 3426): VEHICLE_EVENT seq=1531 speed=62
09-14 08:36:22.335 D/VEHICLE_SERVICE( 3426): VEHICLE_EVENT seq=1532 speed=64
09-14 08:36:22.436 D/VEHICLE_SERVICE( 3426): VEHICLE_EVENT seq=1533 speed=66
09-14 08:36:22.537 D/VEHICLE_SERVICE( 3426): VEHICLE_EVENT seq=1534 speed=68
09-14 08:36:22.636 D/VEHICLE_SERVICE( 3426): VEHICLE_EVENT seq=1535 speed=70
09-14 08:36:22.738 D/VEHICLE_SERVICE( 3426): VEHICLE_EVENT seq=1536 speed=72
09-14 08:36:22.837 D/VEHICLE_SERVICE( 3426): VEHICLE_EVENT seq=1537 speed=74
09-14 08:36:22.939 D/VEHICLE_SERVICE( 3426): VEHICLE_EVENT seq=1538 speed=76
09-14 08:36:23.038 D/VEHICLE_SERVICE( 3426): VEHICLE_EVENT seq=1539 speed=78
09-14 08:36:23.138 D/VEHICLE_SERVICE( 3426): VEHICLE_EVENT seq=1540 speed=80
09-14 08:36:23.239 D/VEHICLE_SERVICE( 3426): VEHICLE_EVENT seq=1541 speed=82
09-14 08:36:23.340 D/VEHICLE_SERVICE( 3426): VEHICLE_EVENT seq=1542 speed=84
09-14 08:36:23.440 D/VEHICLE_SERVICE( 3426): VEHICLE_EVENT seq=1543 speed=86
09-14 08:36:23.540 D/VEHICLE_SERVICE( 3426): VEHICLE_EVENT seq=1544 speed=88
09-14 08:36:23.640 D/VEHICLE_SERVICE( 3426): VEHICLE_EVENT seq=1545 speed=90
09-14 08:36:23.740 D/VEHICLE_SERVICE( 3426): VEHICLE_EVENT seq=1546 speed=92
09-14 08:36:23.842 D/VEHICLE_SERVICE( 3426): VEHICLE_EVENT seq=1547 speed=94
09-14 08:36:23.942 D/VEHICLE_SERVICE( 3426): VEHICLE_EVENT seq=1548 speed=96
09-14 08:36:24.042 D/VEHICLE_SERVICE( 3426): VEHICLE_EVENT seq=1549 speed=98
09-14 08:36:24.142 D/VEHICLE_SERVICE( 3426): VEHICLE_EVENT seq=1550 speed=100
09-14 08:36:24.263 D/VEHICLE_SERVICE( 3426): VEHICLE_EVENT seq=1551 speed=98
09-14 08:36:24.344 D/VEHICLE_SERVICE( 3426): VEHICLE_EVENT seq=1552 speed=96
09-14 08:36:24.443 D/VEHICLE_SERVICE( 3426): VEHICLE_EVENT seq=1553 speed=94
09-14 08:36:24.544 D/VEHICLE_SERVICE( 3426): VEHICLE_EVENT seq=1554 speed=92
09-14 08:36:24.644 D/VEHICLE_SERVICE( 3426): VEHICLE_EVENT seq=1555 speed=90
09-14 08:36:24.746 D/VEHICLE_SERVICE( 3426): VEHICLE_EVENT seq=1556 speed=88
09-14 08:36:24.846 D/VEHICLE_SERVICE( 3426): VEHICLE_EVENT seq=1557 speed=86
09-14 08:36:24.947 D/VEHICLE_SERVICE( 3426): VEHICLE_EVENT seq=1558 speed=84
09-14 08:36:25.048 D/VEHICLE_SERVICE( 3426): VEHICLE_EVENT seq=1559 speed=82
09-14 08:36:25.148 D/VEHICLE_SERVICE( 3426): VEHICLE_EVENT seq=1560 speed=80
09-14 08:36:25.250 D/VEHICLE_SERVICE( 3426): VEHICLE_EVENT seq=1561 speed=78
09-14 08:36:25.352 D/VEHICLE_SERVICE( 3426): VEHICLE_EVENT seq=1562 speed=76
09-14 08:36:25.453 D/VEHICLE_SERVICE( 3426): VEHICLE_EVENT seq=1563 speed=74
09-14 08:36:25.553 D/VEHICLE_SERVICE( 3426): VEHICLE_EVENT seq=1564 speed=72
09-14 08:36:25.653 D/VEHICLE_SERVICE( 3426): VEHICLE_EVENT seq=1565 speed=70
09-14 08:36:25.754 D/VEHICLE_SERVICE( 3426): VEHICLE_EVENT seq=1566 speed=68
09-14 08:36:25.854 D/VEHICLE_SERVICE( 3426): VEHICLE_EVENT seq=1567 speed=66
09-14 08:36:25.954 D/VEHICLE_SERVICE( 3426): VEHICLE_EVENT seq=1568 speed=64
09-14 08:36:26.055 D/VEHICLE_SERVICE( 3426): VEHICLE_EVENT seq=1569 speed=62
09-14 08:36:26.185 D/VEHICLE_SERVICE( 3426): VEHICLE_EVENT seq=1570 speed=60
09-14 08:36:26.256 D/VEHICLE_SERVICE( 3426): VEHICLE_EVENT seq=1571 speed=58
09-14 08:36:26.390 D/VEHICLE_SERVICE( 3426): VEHICLE_EVENT seq=1572 speed=56
09-14 08:36:26.458 D/VEHICLE_SERVICE( 3426): VEHICLE_EVENT seq=1573 speed=54
09-14 08:36:26.557 D/VEHICLE_SERVICE( 3426): VEHICLE_EVENT seq=1574 speed=52
09-14 08:36:26.657 D/VEHICLE_SERVICE( 3426): VEHICLE_EVENT seq=1575 speed=50
09-14 08:36:26.758 D/VEHICLE_SERVICE( 3426): VEHICLE_EVENT seq=1576 speed=48
09-14 08:36:26.858 D/VEHICLE_SERVICE( 3426): VEHICLE_EVENT seq=1577 speed=46
09-14 08:36:26.959 D/VEHICLE_SERVICE( 3426): VEHICLE_EVENT seq=1578 speed=44
09-14 08:36:27.059 D/VEHICLE_SERVICE( 3426): VEHICLE_EVENT seq=1579 speed=42
09-14 08:36:27.160 D/VEHICLE_SERVICE( 3426): VEHICLE_EVENT seq=1580 speed=40
09-14 08:36:27.261 D/VEHICLE_SERVICE( 3426): VEHICLE_EVENT seq=1581 speed=38
09-14 08:36:27.361 D/VEHICLE_SERVICE( 3426): VEHICLE_EVENT seq=1582 speed=36
09-14 08:36:27.490 D/VEHICLE_SERVICE( 3426): VEHICLE_EVENT seq=1583 speed=34
09-14 08:36:27.562 D/VEHICLE_SERVICE( 3426): VEHICLE_EVENT seq=1584 speed=32
09-14 08:36:27.664 D/VEHICLE_SERVICE( 3426): VEHICLE_EVENT seq=1585 speed=30
09-14 08:36:27.764 D/VEHICLE_SERVICE( 3426): VEHICLE_EVENT seq=1586 speed=28
09-14 08:36:27.864 D/VEHICLE_SERVICE( 3426): VEHICLE_EVENT seq=1587 speed=26
09-14 08:36:27.966 D/VEHICLE_SERVICE( 3426): VEHICLE_EVENT seq=1588 speed=24
09-14 08:36:28.066 D/VEHICLE_SERVICE( 3426): VEHICLE_EVENT seq=1589 speed=22
09-14 08:36:28.166 D/VEHICLE_SERVICE( 3426): VEHICLE_EVENT seq=1590 speed=20
09-14 08:36:28.266 D/VEHICLE_SERVICE( 3426): VEHICLE_EVENT seq=1591 speed=18
09-14 08:36:28.367 D/VEHICLE_SERVICE( 3426): VEHICLE_EVENT seq=1592 speed=16
09-14 08:36:28.492 D/VEHICLE_SERVICE( 3426): VEHICLE_EVENT seq=1593 speed=14
09-14 08:36:28.592 D/VEHICLE_SERVICE( 3426): VEHICLE_EVENT seq=1594 speed=12
09-14 08:36:28.667 D/VEHICLE_SERVICE( 3426): VEHICLE_EVENT seq=1595 speed=10
09-14 08:36:28.768 D/VEHICLE_SERVICE( 3426): VEHICLE_EVENT seq=1596 speed=8
09-14 08:36:28.868 D/VEHICLE_SERVICE( 3426): VEHICLE_EVENT seq=1597 speed=6
09-14 08:36:28.968 D/VEHICLE_SERVICE( 3426): VEHICLE_EVENT seq=1598 speed=4
09-14 08:36:29.069 D/VEHICLE_SERVICE( 3426): VEHICLE_EVENT seq=1599 speed=2
09-14 08:36:29.169 D/VEHICLE_SERVICE( 3426): VEHICLE_EVENT seq=1600 speed=0
09-14 08:36:29.269 D/VEHICLE_SERVICE( 3426): VEHICLE_EVENT seq=1601 speed=2
09-14 08:36:29.385 D/VEHICLE_SERVICE( 3426): VEHICLE_EVENT seq=1602 speed=4
09-14 08:36:29.470 D/VEHICLE_SERVICE( 3426): VEHICLE_EVENT seq=1603 speed=6
09-14 08:36:29.570 D/VEHICLE_SERVICE( 3426): VEHICLE_EVENT seq=1604 speed=8
09-14 08:36:29.691 D/VEHICLE_SERVICE( 3426): VEHICLE_EVENT seq=1605 speed=10
09-14 08:36:29.771 D/VEHICLE_SERVICE( 3426): VEHICLE_EVENT seq=1606 speed=12
09-14 08:36:29.871 D/VEHICLE_SERVICE( 3426): VEHICLE_EVENT seq=1607 speed=14
09-14 08:36:29.971 D/VEHICLE_SERVICE( 3426): VEHICLE_EVENT seq=1608 speed=16
09-14 08:36:30.073 D/VEHICLE_SERVICE( 3426): VEHICLE_EVENT seq=1609 speed=18
09-14 08:36:30.173 D/VEHICLE_SERVICE( 3426): VEHICLE_EVENT seq=1610 speed=20
09-14 08:36:30.273 D/VEHICLE_SERVICE( 3426): VEHICLE_EVENT seq=1611 speed=22
09-14 08:36:30.373 D/VEHICLE_SERVICE( 3426): VEHICLE_EVENT seq=1612 speed=24
09-14 08:36:30.474 D/VEHICLE_SERVICE( 3426): VEHICLE_EVENT seq=1613 speed=26
09-14 08:36:30.574 D/VEHICLE_SERVICE( 3426): VEHICLE_EVENT seq=1614 speed=28
09-14 08:36:30.674 D/VEHICLE_SERVICE( 3426): VEHICLE_EVENT seq=1615 speed=30
09-14 08:36:30.791 D/VEHICLE_SERVICE( 3426): VEHICLE_EVENT seq=1616 speed=32
09-14 08:36:30.874 D/VEHICLE_SERVICE( 3426): VEHICLE_EVENT seq=1617 speed=34
09-14 08:36:30.975 D/VEHICLE_SERVICE( 3426): VEHICLE_EVENT seq=1618 speed=36
09-14 08:36:31.075 D/VEHICLE_SERVICE( 3426): VEHICLE_EVENT seq=1619 speed=38
09-14 08:36:31.176 D/VEHICLE_SERVICE( 3426): VEHICLE_EVENT seq=1620 speed=40
09-14 08:36:31.275 D/VEHICLE_SERVICE( 3426): VEHICLE_EVENT seq=1621 speed=42
09-14 08:36:31.376 D/VEHICLE_SERVICE( 3426): VEHICLE_EVENT seq=1622 speed=44
09-14 08:36:31.477 D/VEHICLE_SERVICE( 3426): VEHICLE_EVENT seq=1623 speed=46
09-14 08:36:31.576 D/VEHICLE_SERVICE( 3426): VEHICLE_EVENT seq=1624 speed=48
09-14 08:36:31.692 D/VEHICLE_SERVICE( 3426): VEHICLE_EVENT seq=1625 speed=50
09-14 08:36:31.778 D/VEHICLE_SERVICE( 3426): VEHICLE_EVENT seq=1626 speed=52
09-14 08:36:31.893 D/VEHICLE_SERVICE( 3426): VEHICLE_EVENT seq=1627 speed=54
09-14 08:36:31.979 D/VEHICLE_SERVICE( 3426): VEHICLE_EVENT seq=1628 speed=56
09-14 08:36:32.078 D/VEHICLE_SERVICE( 3426): VEHICLE_EVENT seq=1629 speed=58
09-14 08:36:32.179 D/VEHICLE_SERVICE( 3426): VEHICLE_EVENT seq=1630 speed=60
09-14 08:36:32.281 D/VEHICLE_SERVICE( 3426): VEHICLE_EVENT seq=1631 speed=62
09-14 08:36:32.380 D/VEHICLE_SERVICE( 3426): VEHICLE_EVENT seq=1632 speed=64
09-14 08:36:32.480 D/VEHICLE_SERVICE( 3426): VEHICLE_EVENT seq=1633 speed=66
09-14 08:36:32.581 D/VEHICLE_SERVICE( 3426): VEHICLE_EVENT seq=1634 speed=68
09-14 08:36:32.681 D/VEHICLE_SERVICE( 3426): VEHICLE_EVENT seq=1635 speed=70
09-14 08:36:32.781 D/VEHICLE_SERVICE( 3426): VEHICLE_EVENT seq=1636 speed=72
09-14 08:36:32.881 D/VEHICLE_SERVICE( 3426): VEHICLE_EVENT seq=1637 speed=74
09-14 08:36:33.005 D/VEHICLE_SERVICE( 3426): VEHICLE_EVENT seq=1638 speed=76
09-14 08:36:33.081 D/VEHICLE_SERVICE( 3426): VEHICLE_EVENT seq=1639 speed=78
09-14 08:36:33.183 D/VEHICLE_SERVICE( 3426): VEHICLE_EVENT seq=1640 speed=80
09-14 08:36:33.282 D/VEHICLE_SERVICE( 3426): VEHICLE_EVENT seq=1641 speed=82
09-14 08:36:33.383 D/VEHICLE_SERVICE( 3426): VEHICLE_EVENT seq=1642 speed=84
09-14 08:36:33.482 D/VEHICLE_SERVICE( 3426): VEHICLE_EVENT seq=1643 speed=86
09-14 08:36:33.583 D/VEHICLE_SERVICE( 3426): VEHICLE_EVENT seq=1644 speed=88
09-14 08:36:33.683 D/VEHICLE_SERVICE( 3426): VEHICLE_EVENT seq=1645 speed=90
09-14 08:36:33.784 D/VEHICLE_SERVICE( 3426): VEHICLE_EVENT seq=1646 speed=92
09-14 08:36:33.884 D/VEHICLE_SERVICE( 3426): VEHICLE_EVENT seq=1647 speed=94
09-14 08:36:33.984 D/VEHICLE_SERVICE( 3426): VEHICLE_EVENT seq=1648 speed=96
09-14 08:36:34.092 D/VEHICLE_SERVICE( 3426): VEHICLE_EVENT seq=1649 speed=98
09-14 08:36:34.185 D/VEHICLE_SERVICE( 3426): VEHICLE_EVENT seq=1650 speed=100
09-14 08:36:34.285 D/VEHICLE_SERVICE( 3426): VEHICLE_EVENT seq=1651 speed=98
09-14 08:36:34.385 D/VEHICLE_SERVICE( 3426): VEHICLE_EVENT seq=1652 speed=96
09-14 08:36:34.486 D/VEHICLE_SERVICE( 3426): VEHICLE_EVENT seq=1653 speed=94
09-14 08:36:34.586 D/VEHICLE_SERVICE( 3426): VEHICLE_EVENT seq=1654 speed=92
09-14 08:36:34.686 D/VEHICLE_SERVICE( 3426): VEHICLE_EVENT seq=1655 speed=90
09-14 08:36:34.787 D/VEHICLE_SERVICE( 3426): VEHICLE_EVENT seq=1656 speed=88
09-14 08:36:34.887 D/VEHICLE_SERVICE( 3426): VEHICLE_EVENT seq=1657 speed=86
09-14 08:36:34.987 D/VEHICLE_SERVICE( 3426): VEHICLE_EVENT seq=1658 speed=84
09-14 08:36:35.087 D/VEHICLE_SERVICE( 3426): VEHICLE_EVENT seq=1659 speed=82
09-14 08:36:35.191 D/VEHICLE_SERVICE( 3426): VEHICLE_EVENT seq=1660 speed=80
09-14 08:36:35.288 D/VEHICLE_SERVICE( 3426): VEHICLE_EVENT seq=1661 speed=78
09-14 08:36:35.388 D/VEHICLE_SERVICE( 3426): VEHICLE_EVENT seq=1662 speed=76
09-14 08:36:35.489 D/VEHICLE_SERVICE( 3426): VEHICLE_EVENT seq=1663 speed=74
09-14 08:36:35.589 D/VEHICLE_SERVICE( 3426): VEHICLE_EVENT seq=1664 speed=72
09-14 08:36:35.690 D/VEHICLE_SERVICE( 3426): VEHICLE_EVENT seq=1665 speed=70
